@(#) International Ispell Version 3.1.20 (but really Aspell 0.60.8)
& எந்திர 12 0: எந்த, எந்திரம், அந்தரி, மந்திரி, எதிரி, எதிரே, எதிர், எழுந்திரு, நந்தி, நதி, நிர, நிர்
*
& ஒன்றை 31 12: ஒன்று, ஒற்றை, ஒன்றாக, என்ற, அன்றி, அன்று, இன்றி, இன்று, ஊன்றி, ஊன்று, என்று, ஒற்றி, ஒற்று, நன்றி, நன்று, பன்றி, அன்றைய, ஒன்றும், தோன்ற, போன்ற, அறை, ஆனை, இறை, உறை, ஒற்றன், நனை, பனை, பறை, மனை, மறை, வனை
*
*
& செயல்பட 8 28: லோல்பட, பயன்பட, செயலகம், நிரல்பட, பலபட, லோல்படு, பயன்படு, சாகுபடி
& செய்வது 19 36: செய்து, செய்தி, நெய்து, பெய்து, செய், ஆய்வு, உய்வு, எய்து, ஓய்வு, சத்து, செய்ய, யுவதி, தேய்வு, தொய்வு, பெய்வி, வாய்வு, வயது, யாது, தயவு
*
*
& கட்டுரை 11 55: கட்டு, கட்டை, காட்டேரி, காட்டு, கேட்டு, கொட்டை, கட்ட, கட்டி, பட்டர், நெட்டுரு, நட்டார்
& தொடரில் 7 63: தொடரியல், தொடர், தொட்டில், தொடர, தேடல், தொடர்பு, தொடி

*
& பாகங்களாக 11 4: பங்களா, பங்காளிக், பங்காளி, பக்காவாக, பகிரங்கமாக, பசங்கள், பகுக்க, பகைக்க, பக்கிள், புகைக்க, பங்கேற்க
*
& பாற்கலாம் 4 19: பிற்காலம், பொற்காலம், பேறுகாலம், தற்காலம்

*
& கட்டுரை 11 5: கட்டு, கட்டை, காட்டேரி, காட்டு, கேட்டு, கொட்டை, கட்ட, கட்டி, பட்டர், நெட்டுரு, நட்டார்
& சற்று 38 13: சுற்று, சுற்ற, அற்று, ஆற்று, ஈற்று, உற்று, ஊற்று, எற்று, ஏற்று, ஒற்று, பற்று, வற்று, சுற்றி, அற்ற, உற்ற, ஏற்ற, பற்ற, மற்ற, வற்ற, தீற்று, தூற்று, தெற்று, தேற்று, தொற்று, தோற்று, நாற்று, நீற்று, நூற்று, நெற்று, நேற்று, நோற்று, புற்று, பெற்று, போற்று, மாற்று, முற்று, விற்று, வேற்று
& கணினி 58 19: கண், கிணறு, கடன், அபினி, காண, மதினி, ஓணான், கண்டு, காண், திணி, பிணி, மோகினி, விசனி, அணி, ஆணி, ஆனி, இனி, ஏணி, கழி, கிட, சனி, ஜனி, தணி, தனி, பணி, பனி, மணி, வணிகன், திணறி, கரண்டி, பணிமனை, பாணன், வீணன், குழி, கூறி, கூலி, கைதி, ஜீனி, ஞானி, டின், தினை, தின், தீனி, தொனி, நினை, நுனி, பின், மானி, மின், மேனி, யோனி, வினா, வினை, வீணான, பின்னி, மின்னி, க்ஷீணி, அண்ணன்
# நிரலாக்கத்தில் 25
*
# பெற்றவர்களுக்கு 49
*
# விளங்குவதாக 72
& தோன்றும் 13 84: தோன்று, தோறும், என்றும், தோன்றல், தோன்ற, தின்று, தோன்றி, தினமும், தனம், தானம், தினம், திறம், தீனம்
*
& கட்டுரைக்கு 2 99: படர்க்கை, காட்டேரி
& இணைந்து 13 111: இந்து, மணந்து, பிணைந்து, இருந்து, தணிந்து, பணிந்து, இந்த, இந்தா, இந்தி, இறந்த, நைந்து, இழிந்த, துணிந்து
& மேன்போருள் 18 119: மற்போர், பேன்பார், மருள், தொல்பொருள், பொருள், முன்பு, புரள், முனைவோர், மருள, மனோகரம், மனுப்போடு, போராளி, மேற்பார்வை, மனிதர், முன்வர, புரள, முனைப்பு, மனதார
*
& பயன்பாட்டிற்கு 3 137: பயன் பாட்டிற்கு, பயன்-பாட்டிற்கு, பயன்பட்டு
# அளிக்கப்படுகிறது 152

